// Jest Snapshot v1, https://goo.gl/fbAQLP

exports[`AppNav component  should render correctly 1`] = `
ShallowWrapper {
  "length": 1,
  Symbol(enzyme.__root__): [Circular],
  Symbol(enzyme.__unrendered__): <AppNav
    useHeader={true}
  />,
  Symbol(enzyme.__renderer__): Object {
    "batchedUpdates": [Function],
    "getNode": [Function],
    "render": [Function],
    "simulateEvent": [Function],
    "unmount": [Function],
  },
  Symbol(enzyme.__node__): Object {
    "instance": null,
    "key": undefined,
    "nodeType": "host",
    "props": Object {
      "children": Array [
        <div
          className="col m3 component-container hide-on-med-and-down user-side-nav"
        >
          <ul
            className="text-center collapsible"
            data-collapsible="accordion"
          >
            <li
              className="big"
            >
              <div
                className="collapsible-header"
              >
                <i
                  className="material-icons"
                >
                  home
                </i>
                <Link
                  replace={false}
                  to="/dashboard"
                >
                    Dashboard
                </Link>
              </div>
            </li>
            <li
              className="big collapsible-header"
            >
              <i
                className="material-icons"
              >
                group_add
              </i>
              <Link
                replace={false}
                to="/group/create"
              >
                  Create group
              </Link>
            </li>
            <li
              className="big"
            >
              <div
                className="collapsible-header"
              >
                <i
                  className="material-icons"
                >
                  group
                </i>
                <Link
                  replace={false}
                  to="#"
                >
                    My Groups
                </Link>
              </div>
              <div
                className="collapsible-body"
              >
                <Connect(UserGroups) />
              </div>
            </li>
          </ul>
        </div>,
        <div
          className="col s10 offset-s1 m6 component-container"
        >
          <div
            className="dashboard-header"
          >
            <Link
              className="right dropdown-button"
              data-activates="group-more"
              replace={false}
              to=""
            >
              <i
                className="material-icons"
              >
                more_vert
              </i>
            </Link>
            <span
              className="right"
            >
              <i
                className="material-icons"
              >
                person
              </i>
              <span
                className="group-members"
              >
                 
              </span>
            </span>
            <span
              className="bold bold-text"
            />
          </div>
        </div>,
      ],
    },
    "ref": null,
    "rendered": Array [
      Object {
        "instance": null,
        "key": undefined,
        "nodeType": "host",
        "props": Object {
          "children": <ul
            className="text-center collapsible"
            data-collapsible="accordion"
          >
            <li
              className="big"
            >
              <div
                className="collapsible-header"
              >
                <i
                  className="material-icons"
                >
                  home
                </i>
                <Link
                  replace={false}
                  to="/dashboard"
                >
                    Dashboard
                </Link>
              </div>
            </li>
            <li
              className="big collapsible-header"
            >
              <i
                className="material-icons"
              >
                group_add
              </i>
              <Link
                replace={false}
                to="/group/create"
              >
                  Create group
              </Link>
            </li>
            <li
              className="big"
            >
              <div
                className="collapsible-header"
              >
                <i
                  className="material-icons"
                >
                  group
                </i>
                <Link
                  replace={false}
                  to="#"
                >
                    My Groups
                </Link>
              </div>
              <div
                className="collapsible-body"
              >
                <Connect(UserGroups) />
              </div>
            </li>
          </ul>,
          "className": "col m3 component-container hide-on-med-and-down user-side-nav",
        },
        "ref": null,
        "rendered": Object {
          "instance": null,
          "key": undefined,
          "nodeType": "host",
          "props": Object {
            "children": Array [
              <li
                className="big"
              >
                <div
                  className="collapsible-header"
                >
                  <i
                    className="material-icons"
                  >
                    home
                  </i>
                  <Link
                    replace={false}
                    to="/dashboard"
                  >
                      Dashboard
                  </Link>
                </div>
              </li>,
              <li
                className="big collapsible-header"
              >
                <i
                  className="material-icons"
                >
                  group_add
                </i>
                <Link
                  replace={false}
                  to="/group/create"
                >
                    Create group
                </Link>
              </li>,
              <li
                className="big"
              >
                <div
                  className="collapsible-header"
                >
                  <i
                    className="material-icons"
                  >
                    group
                  </i>
                  <Link
                    replace={false}
                    to="#"
                  >
                      My Groups
                  </Link>
                </div>
                <div
                  className="collapsible-body"
                >
                  <Connect(UserGroups) />
                </div>
              </li>,
            ],
            "className": "text-center collapsible",
            "data-collapsible": "accordion",
          },
          "ref": null,
          "rendered": Array [
            Object {
              "instance": null,
              "key": undefined,
              "nodeType": "host",
              "props": Object {
                "children": <div
                  className="collapsible-header"
                >
                  <i
                    className="material-icons"
                  >
                    home
                  </i>
                  <Link
                    replace={false}
                    to="/dashboard"
                  >
                      Dashboard
                  </Link>
                </div>,
                "className": "big",
              },
              "ref": null,
              "rendered": Object {
                "instance": null,
                "key": undefined,
                "nodeType": "host",
                "props": Object {
                  "children": Array [
                    <i
                      className="material-icons"
                    >
                      home
                    </i>,
                    <Link
                      replace={false}
                      to="/dashboard"
                    >
                        Dashboard
                    </Link>,
                  ],
                  "className": "collapsible-header",
                },
                "ref": null,
                "rendered": Array [
                  Object {
                    "instance": null,
                    "key": undefined,
                    "nodeType": "host",
                    "props": Object {
                      "children": "home",
                      "className": "material-icons",
                    },
                    "ref": null,
                    "rendered": "home",
                    "type": "i",
                  },
                  Object {
                    "instance": null,
                    "key": undefined,
                    "nodeType": "class",
                    "props": Object {
                      "children": "  Dashboard",
                      "replace": false,
                      "to": "/dashboard",
                    },
                    "ref": null,
                    "rendered": "  Dashboard",
                    "type": [Function],
                  },
                ],
                "type": "div",
              },
              "type": "li",
            },
            Object {
              "instance": null,
              "key": undefined,
              "nodeType": "host",
              "props": Object {
                "children": Array [
                  <i
                    className="material-icons"
                  >
                    group_add
                  </i>,
                  <Link
                    replace={false}
                    to="/group/create"
                  >
                      Create group
                  </Link>,
                ],
                "className": "big collapsible-header",
              },
              "ref": null,
              "rendered": Array [
                Object {
                  "instance": null,
                  "key": undefined,
                  "nodeType": "host",
                  "props": Object {
                    "children": "group_add",
                    "className": "material-icons",
                  },
                  "ref": null,
                  "rendered": "group_add",
                  "type": "i",
                },
                Object {
                  "instance": null,
                  "key": undefined,
                  "nodeType": "class",
                  "props": Object {
                    "children": "  Create group",
                    "replace": false,
                    "to": "/group/create",
                  },
                  "ref": null,
                  "rendered": "  Create group",
                  "type": [Function],
                },
              ],
              "type": "li",
            },
            Object {
              "instance": null,
              "key": undefined,
              "nodeType": "host",
              "props": Object {
                "children": Array [
                  <div
                    className="collapsible-header"
                  >
                    <i
                      className="material-icons"
                    >
                      group
                    </i>
                    <Link
                      replace={false}
                      to="#"
                    >
                        My Groups
                    </Link>
                  </div>,
                  <div
                    className="collapsible-body"
                  >
                    <Connect(UserGroups) />
                  </div>,
                ],
                "className": "big",
              },
              "ref": null,
              "rendered": Array [
                Object {
                  "instance": null,
                  "key": undefined,
                  "nodeType": "host",
                  "props": Object {
                    "children": Array [
                      <i
                        className="material-icons"
                      >
                        group
                      </i>,
                      <Link
                        replace={false}
                        to="#"
                      >
                          My Groups
                      </Link>,
                    ],
                    "className": "collapsible-header",
                  },
                  "ref": null,
                  "rendered": Array [
                    Object {
                      "instance": null,
                      "key": undefined,
                      "nodeType": "host",
                      "props": Object {
                        "children": "group",
                        "className": "material-icons",
                      },
                      "ref": null,
                      "rendered": "group",
                      "type": "i",
                    },
                    Object {
                      "instance": null,
                      "key": undefined,
                      "nodeType": "class",
                      "props": Object {
                        "children": "  My Groups",
                        "replace": false,
                        "to": "#",
                      },
                      "ref": null,
                      "rendered": "  My Groups",
                      "type": [Function],
                    },
                  ],
                  "type": "div",
                },
                Object {
                  "instance": null,
                  "key": undefined,
                  "nodeType": "host",
                  "props": Object {
                    "children": <Connect(UserGroups) />,
                    "className": "collapsible-body",
                  },
                  "ref": null,
                  "rendered": Object {
                    "instance": null,
                    "key": undefined,
                    "nodeType": "class",
                    "props": Object {},
                    "ref": null,
                    "rendered": null,
                    "type": [Function],
                  },
                  "type": "div",
                },
              ],
              "type": "li",
            },
          ],
          "type": "ul",
        },
        "type": "div",
      },
      Object {
        "instance": null,
        "key": undefined,
        "nodeType": "host",
        "props": Object {
          "children": <div
            className="dashboard-header"
          >
            <Link
              className="right dropdown-button"
              data-activates="group-more"
              replace={false}
              to=""
            >
              <i
                className="material-icons"
              >
                more_vert
              </i>
            </Link>
            <span
              className="right"
            >
              <i
                className="material-icons"
              >
                person
              </i>
              <span
                className="group-members"
              >
                 
              </span>
            </span>
            <span
              className="bold bold-text"
            />
          </div>,
          "className": "col s10 offset-s1 m6 component-container",
        },
        "ref": null,
        "rendered": Object {
          "instance": null,
          "key": undefined,
          "nodeType": "host",
          "props": Object {
            "children": Array [
              <Link
                className="right dropdown-button"
                data-activates="group-more"
                replace={false}
                to=""
              >
                <i
                  className="material-icons"
                >
                  more_vert
                </i>
              </Link>,
              <span
                className="right"
              >
                <i
                  className="material-icons"
                >
                  person
                </i>
                <span
                  className="group-members"
                >
                   
                </span>
              </span>,
              <span
                className="bold bold-text"
              />,
            ],
            "className": "dashboard-header",
          },
          "ref": null,
          "rendered": Array [
            Object {
              "instance": null,
              "key": undefined,
              "nodeType": "class",
              "props": Object {
                "children": <i
                  className="material-icons"
                >
                  more_vert
                </i>,
                "className": "right dropdown-button",
                "data-activates": "group-more",
                "replace": false,
                "to": "",
              },
              "ref": null,
              "rendered": Object {
                "instance": null,
                "key": undefined,
                "nodeType": "host",
                "props": Object {
                  "children": "more_vert",
                  "className": "material-icons",
                },
                "ref": null,
                "rendered": "more_vert",
                "type": "i",
              },
              "type": [Function],
            },
            Object {
              "instance": null,
              "key": undefined,
              "nodeType": "host",
              "props": Object {
                "children": Array [
                  <i
                    className="material-icons"
                  >
                    person
                  </i>,
                  <span
                    className="group-members"
                  >
                     
                  </span>,
                ],
                "className": "right",
              },
              "ref": null,
              "rendered": Array [
                Object {
                  "instance": null,
                  "key": undefined,
                  "nodeType": "host",
                  "props": Object {
                    "children": "person",
                    "className": "material-icons",
                  },
                  "ref": null,
                  "rendered": "person",
                  "type": "i",
                },
                Object {
                  "instance": null,
                  "key": undefined,
                  "nodeType": "host",
                  "props": Object {
                    "children": Array [
                      " ",
                      undefined,
                    ],
                    "className": "group-members",
                  },
                  "ref": null,
                  "rendered": Array [
                    " ",
                    undefined,
                  ],
                  "type": "span",
                },
              ],
              "type": "span",
            },
            Object {
              "instance": null,
              "key": undefined,
              "nodeType": "host",
              "props": Object {
                "children": undefined,
                "className": "bold bold-text",
              },
              "ref": null,
              "rendered": null,
              "type": "span",
            },
          ],
          "type": "div",
        },
        "type": "div",
      },
    ],
    "type": "div",
  },
  Symbol(enzyme.__nodes__): Array [
    Object {
      "instance": null,
      "key": undefined,
      "nodeType": "host",
      "props": Object {
        "children": Array [
          <div
            className="col m3 component-container hide-on-med-and-down user-side-nav"
          >
            <ul
              className="text-center collapsible"
              data-collapsible="accordion"
            >
              <li
                className="big"
              >
                <div
                  className="collapsible-header"
                >
                  <i
                    className="material-icons"
                  >
                    home
                  </i>
                  <Link
                    replace={false}
                    to="/dashboard"
                  >
                      Dashboard
                  </Link>
                </div>
              </li>
              <li
                className="big collapsible-header"
              >
                <i
                  className="material-icons"
                >
                  group_add
                </i>
                <Link
                  replace={false}
                  to="/group/create"
                >
                    Create group
                </Link>
              </li>
              <li
                className="big"
              >
                <div
                  className="collapsible-header"
                >
                  <i
                    className="material-icons"
                  >
                    group
                  </i>
                  <Link
                    replace={false}
                    to="#"
                  >
                      My Groups
                  </Link>
                </div>
                <div
                  className="collapsible-body"
                >
                  <Connect(UserGroups) />
                </div>
              </li>
            </ul>
          </div>,
          <div
            className="col s10 offset-s1 m6 component-container"
          >
            <div
              className="dashboard-header"
            >
              <Link
                className="right dropdown-button"
                data-activates="group-more"
                replace={false}
                to=""
              >
                <i
                  className="material-icons"
                >
                  more_vert
                </i>
              </Link>
              <span
                className="right"
              >
                <i
                  className="material-icons"
                >
                  person
                </i>
                <span
                  className="group-members"
                >
                   
                </span>
              </span>
              <span
                className="bold bold-text"
              />
            </div>
          </div>,
        ],
      },
      "ref": null,
      "rendered": Array [
        Object {
          "instance": null,
          "key": undefined,
          "nodeType": "host",
          "props": Object {
            "children": <ul
              className="text-center collapsible"
              data-collapsible="accordion"
            >
              <li
                className="big"
              >
                <div
                  className="collapsible-header"
                >
                  <i
                    className="material-icons"
                  >
                    home
                  </i>
                  <Link
                    replace={false}
                    to="/dashboard"
                  >
                      Dashboard
                  </Link>
                </div>
              </li>
              <li
                className="big collapsible-header"
              >
                <i
                  className="material-icons"
                >
                  group_add
                </i>
                <Link
                  replace={false}
                  to="/group/create"
                >
                    Create group
                </Link>
              </li>
              <li
                className="big"
              >
                <div
                  className="collapsible-header"
                >
                  <i
                    className="material-icons"
                  >
                    group
                  </i>
                  <Link
                    replace={false}
                    to="#"
                  >
                      My Groups
                  </Link>
                </div>
                <div
                  className="collapsible-body"
                >
                  <Connect(UserGroups) />
                </div>
              </li>
            </ul>,
            "className": "col m3 component-container hide-on-med-and-down user-side-nav",
          },
          "ref": null,
          "rendered": Object {
            "instance": null,
            "key": undefined,
            "nodeType": "host",
            "props": Object {
              "children": Array [
                <li
                  className="big"
                >
                  <div
                    className="collapsible-header"
                  >
                    <i
                      className="material-icons"
                    >
                      home
                    </i>
                    <Link
                      replace={false}
                      to="/dashboard"
                    >
                        Dashboard
                    </Link>
                  </div>
                </li>,
                <li
                  className="big collapsible-header"
                >
                  <i
                    className="material-icons"
                  >
                    group_add
                  </i>
                  <Link
                    replace={false}
                    to="/group/create"
                  >
                      Create group
                  </Link>
                </li>,
                <li
                  className="big"
                >
                  <div
                    className="collapsible-header"
                  >
                    <i
                      className="material-icons"
                    >
                      group
                    </i>
                    <Link
                      replace={false}
                      to="#"
                    >
                        My Groups
                    </Link>
                  </div>
                  <div
                    className="collapsible-body"
                  >
                    <Connect(UserGroups) />
                  </div>
                </li>,
              ],
              "className": "text-center collapsible",
              "data-collapsible": "accordion",
            },
            "ref": null,
            "rendered": Array [
              Object {
                "instance": null,
                "key": undefined,
                "nodeType": "host",
                "props": Object {
                  "children": <div
                    className="collapsible-header"
                  >
                    <i
                      className="material-icons"
                    >
                      home
                    </i>
                    <Link
                      replace={false}
                      to="/dashboard"
                    >
                        Dashboard
                    </Link>
                  </div>,
                  "className": "big",
                },
                "ref": null,
                "rendered": Object {
                  "instance": null,
                  "key": undefined,
                  "nodeType": "host",
                  "props": Object {
                    "children": Array [
                      <i
                        className="material-icons"
                      >
                        home
                      </i>,
                      <Link
                        replace={false}
                        to="/dashboard"
                      >
                          Dashboard
                      </Link>,
                    ],
                    "className": "collapsible-header",
                  },
                  "ref": null,
                  "rendered": Array [
                    Object {
                      "instance": null,
                      "key": undefined,
                      "nodeType": "host",
                      "props": Object {
                        "children": "home",
                        "className": "material-icons",
                      },
                      "ref": null,
                      "rendered": "home",
                      "type": "i",
                    },
                    Object {
                      "instance": null,
                      "key": undefined,
                      "nodeType": "class",
                      "props": Object {
                        "children": "  Dashboard",
                        "replace": false,
                        "to": "/dashboard",
                      },
                      "ref": null,
                      "rendered": "  Dashboard",
                      "type": [Function],
                    },
                  ],
                  "type": "div",
                },
                "type": "li",
              },
              Object {
                "instance": null,
                "key": undefined,
                "nodeType": "host",
                "props": Object {
                  "children": Array [
                    <i
                      className="material-icons"
                    >
                      group_add
                    </i>,
                    <Link
                      replace={false}
                      to="/group/create"
                    >
                        Create group
                    </Link>,
                  ],
                  "className": "big collapsible-header",
                },
                "ref": null,
                "rendered": Array [
                  Object {
                    "instance": null,
                    "key": undefined,
                    "nodeType": "host",
                    "props": Object {
                      "children": "group_add",
                      "className": "material-icons",
                    },
                    "ref": null,
                    "rendered": "group_add",
                    "type": "i",
                  },
                  Object {
                    "instance": null,
                    "key": undefined,
                    "nodeType": "class",
                    "props": Object {
                      "children": "  Create group",
                      "replace": false,
                      "to": "/group/create",
                    },
                    "ref": null,
                    "rendered": "  Create group",
                    "type": [Function],
                  },
                ],
                "type": "li",
              },
              Object {
                "instance": null,
                "key": undefined,
                "nodeType": "host",
                "props": Object {
                  "children": Array [
                    <div
                      className="collapsible-header"
                    >
                      <i
                        className="material-icons"
                      >
                        group
                      </i>
                      <Link
                        replace={false}
                        to="#"
                      >
                          My Groups
                      </Link>
                    </div>,
                    <div
                      className="collapsible-body"
                    >
                      <Connect(UserGroups) />
                    </div>,
                  ],
                  "className": "big",
                },
                "ref": null,
                "rendered": Array [
                  Object {
                    "instance": null,
                    "key": undefined,
                    "nodeType": "host",
                    "props": Object {
                      "children": Array [
                        <i
                          className="material-icons"
                        >
                          group
                        </i>,
                        <Link
                          replace={false}
                          to="#"
                        >
                            My Groups
                        </Link>,
                      ],
                      "className": "collapsible-header",
                    },
                    "ref": null,
                    "rendered": Array [
                      Object {
                        "instance": null,
                        "key": undefined,
                        "nodeType": "host",
                        "props": Object {
                          "children": "group",
                          "className": "material-icons",
                        },
                        "ref": null,
                        "rendered": "group",
                        "type": "i",
                      },
                      Object {
                        "instance": null,
                        "key": undefined,
                        "nodeType": "class",
                        "props": Object {
                          "children": "  My Groups",
                          "replace": false,
                          "to": "#",
                        },
                        "ref": null,
                        "rendered": "  My Groups",
                        "type": [Function],
                      },
                    ],
                    "type": "div",
                  },
                  Object {
                    "instance": null,
                    "key": undefined,
                    "nodeType": "host",
                    "props": Object {
                      "children": <Connect(UserGroups) />,
                      "className": "collapsible-body",
                    },
                    "ref": null,
                    "rendered": Object {
                      "instance": null,
                      "key": undefined,
                      "nodeType": "class",
                      "props": Object {},
                      "ref": null,
                      "rendered": null,
                      "type": [Function],
                    },
                    "type": "div",
                  },
                ],
                "type": "li",
              },
            ],
            "type": "ul",
          },
          "type": "div",
        },
        Object {
          "instance": null,
          "key": undefined,
          "nodeType": "host",
          "props": Object {
            "children": <div
              className="dashboard-header"
            >
              <Link
                className="right dropdown-button"
                data-activates="group-more"
                replace={false}
                to=""
              >
                <i
                  className="material-icons"
                >
                  more_vert
                </i>
              </Link>
              <span
                className="right"
              >
                <i
                  className="material-icons"
                >
                  person
                </i>
                <span
                  className="group-members"
                >
                   
                </span>
              </span>
              <span
                className="bold bold-text"
              />
            </div>,
            "className": "col s10 offset-s1 m6 component-container",
          },
          "ref": null,
          "rendered": Object {
            "instance": null,
            "key": undefined,
            "nodeType": "host",
            "props": Object {
              "children": Array [
                <Link
                  className="right dropdown-button"
                  data-activates="group-more"
                  replace={false}
                  to=""
                >
                  <i
                    className="material-icons"
                  >
                    more_vert
                  </i>
                </Link>,
                <span
                  className="right"
                >
                  <i
                    className="material-icons"
                  >
                    person
                  </i>
                  <span
                    className="group-members"
                  >
                     
                  </span>
                </span>,
                <span
                  className="bold bold-text"
                />,
              ],
              "className": "dashboard-header",
            },
            "ref": null,
            "rendered": Array [
              Object {
                "instance": null,
                "key": undefined,
                "nodeType": "class",
                "props": Object {
                  "children": <i
                    className="material-icons"
                  >
                    more_vert
                  </i>,
                  "className": "right dropdown-button",
                  "data-activates": "group-more",
                  "replace": false,
                  "to": "",
                },
                "ref": null,
                "rendered": Object {
                  "instance": null,
                  "key": undefined,
                  "nodeType": "host",
                  "props": Object {
                    "children": "more_vert",
                    "className": "material-icons",
                  },
                  "ref": null,
                  "rendered": "more_vert",
                  "type": "i",
                },
                "type": [Function],
              },
              Object {
                "instance": null,
                "key": undefined,
                "nodeType": "host",
                "props": Object {
                  "children": Array [
                    <i
                      className="material-icons"
                    >
                      person
                    </i>,
                    <span
                      className="group-members"
                    >
                       
                    </span>,
                  ],
                  "className": "right",
                },
                "ref": null,
                "rendered": Array [
                  Object {
                    "instance": null,
                    "key": undefined,
                    "nodeType": "host",
                    "props": Object {
                      "children": "person",
                      "className": "material-icons",
                    },
                    "ref": null,
                    "rendered": "person",
                    "type": "i",
                  },
                  Object {
                    "instance": null,
                    "key": undefined,
                    "nodeType": "host",
                    "props": Object {
                      "children": Array [
                        " ",
                        undefined,
                      ],
                      "className": "group-members",
                    },
                    "ref": null,
                    "rendered": Array [
                      " ",
                      undefined,
                    ],
                    "type": "span",
                  },
                ],
                "type": "span",
              },
              Object {
                "instance": null,
                "key": undefined,
                "nodeType": "host",
                "props": Object {
                  "children": undefined,
                  "className": "bold bold-text",
                },
                "ref": null,
                "rendered": null,
                "type": "span",
              },
            ],
            "type": "div",
          },
          "type": "div",
        },
      ],
      "type": "div",
    },
  ],
  Symbol(enzyme.__options__): Object {
    "adapter": ReactFifteenAdapter {
      "options": Object {
        "supportPrevContextArgumentOfComponentDidUpdate": true,
      },
    },
  },
}
`;
