// Jest Snapshot v1, https://goo.gl/fbAQLP

exports[`Home component should render correctly 1`] = `
<div>
  <Nav
    rightLink={
      <div>
        <ul
          className="hide-on-med-and-down"
        >
          <li>
            <Link
              className=""
              replace={false}
              to="/login"
            >
               Login 
            </Link>
             
          </li>
          <li>
            <Link
              className=""
              replace={false}
              to="/signup"
            >
               Signup 
            </Link>
             
          </li>
        </ul>
        <div
          className="hide-on-med-and-up"
        >
          <ul
            className="dropdown-content"
            id="authDropdown"
          >
            <li>
              <a
                href="/login"
              >
                Login
              </a>
            </li>
            <li>
              <a
                href="/Signup"
              >
                Signup
              </a>
            </li>
          </ul>
          <Link
            className="dropdown-button"
            data-activates="authDropdown"
            replace={false}
            to="#"
          >
            <i
              className="material-icons"
            >
              menu
            </i>
          </Link>
        </div>
      </div>
    }
  />
  <div
    className="centralized-div row"
  >
    <div
      className="col m4 offset-m3 s10 offset-s1"
    >
      <h1
        className="bold-font"
      >
         Built for
      </h1>
      <h2
        className="bold-font"
      >
        Group messaging
      </h2>
      <p
        className="postit-text"
      >
        Postit allows you communicate within the scope of a group. You get to create groups, join existing ones and send prioritized messages to group members.
      </p>
      <Link
        className="center btn light-blue darken-4"
        replace={false}
        to="signup"
      >
        Get Started
      </Link>
      <p
        className="clearfix"
      />
    </div>
  </div>
</div>
`;
