// Jest Snapshot v1, https://goo.gl/fbAQLP

exports[`MessageForm component  should render correctly 1`] = `
<div>
  <div
    className="message-form col s12 "
  >
    <form
      onSubmit={[Function]}
    >
      <div
        className=""
      >
        <textarea
          className="message-input-field col s6 m4"
          name="messageBody"
          onChange={[Function]}
          placeholder="Enter message here"
          required="required"
          value="this is a message"
        />
      </div>
      <div
        className="col s5 m3"
      >
        <div
          className="message-options"
        >
          <select
            className="browser-default message-priority-field"
            name="messagePriority"
            onChange={[Function]}
          >
            <option
              value="Normal"
            >
              Normal
            </option>
            <option
              value="Urgent"
            >
              Urgent
            </option>
            <option
              value="Critical"
            >
              Critical
            </option>
          </select>
          <button
            className="message-button"
          >
            <i
              className="material-icons"
            >
              send
            </i>
          </button>
        </div>
      </div>
    </form>
  </div>
</div>
`;
