// Jest Snapshot v1, https://goo.gl/fbAQLP

exports[`Nav component should render correctly 1`] = `
<div
  className="row"
>
  <nav
    className="transparent col-s12"
  >
    <ul
      className="dropdown-content"
      id="userDropdown"
    >
      <li>
        <a
          href="#"
          onClick={[Function]}
        >
          Logout
        </a>
      </li>
    </ul>
    <div
      className="nav-wrapper"
    >
      <div>
        <div
          className="col s2 offset-s1"
        >
          <Link
            className="left brand-logo"
            replace={false}
            to="/"
          >
            Postit
          </Link>
        </div>
        <div
          className="col s2 "
        >
          <span
            className="center brand-logo"
          />
        </div>
        <div
          className="right"
        />
      </div>
    </div>
  </nav>
</div>
`;
