// Jest Snapshot v1, https://goo.gl/fbAQLP

exports[`Routes component should render correctly 1`] = `
<BrowserRouter>
  <Switch>
    <Route
      component={[Function]}
      exact={true}
      path="/"
    />
    <Route
      component={[Function]}
      path="/signup"
    />
    <Route
      component={[Function]}
      path="/login"
    />
    <Route
      component={[Function]}
      path="/password/reset"
    />
    <Route
      component={[Function]}
      path="/password/update"
    />
    <Route
      component={[Function]}
      path="/email/sent"
    />
    <Route
      component={[Function]}
      path="/dashboard"
    />
    <Route
      component={[Function]}
      exact={true}
      path="/group/:groupId/addmembers"
    />
    <Route
      component={[Function]}
      exact={true}
      path="/group/create"
    />
    <Route
      component={[Function]}
      exact={true}
      path="/group/:groupId"
    />
    <Route
      component={[Function]}
      exact={true}
      path="/error"
    />
    <Route
      component={[Function]}
      path="*"
    />
  </Switch>
</BrowserRouter>
`;
