// Jest Snapshot v1, https://goo.gl/fbAQLP

exports[`TextInput component should render correctly 1`] = `
ShallowWrapper {
  "length": 1,
  Symbol(enzyme.__root__): [Circular],
  Symbol(enzyme.__unrendered__): <TextInput
    className="whatever"
    description="description"
    handleChange={[Function]}
    name="test"
    type="text"
  />,
  Symbol(enzyme.__renderer__): Object {
    "batchedUpdates": [Function],
    "getNode": [Function],
    "render": [Function],
    "simulateEvent": [Function],
    "unmount": [Function],
  },
  Symbol(enzyme.__node__): Object {
    "instance": null,
    "key": undefined,
    "nodeType": "host",
    "props": Object {
      "children": Array [
        <input
          className={undefined}
          id="test"
          name="test"
          onChange={[Function]}
          required={true}
          type="text"
        />,
        <label
          htmlFor="test"
        >
           
          description
           
        </label>,
      ],
      "className": "input-field",
    },
    "ref": null,
    "rendered": Array [
      Object {
        "instance": null,
        "key": undefined,
        "nodeType": "host",
        "props": Object {
          "className": undefined,
          "id": "test",
          "name": "test",
          "onChange": [Function],
          "required": true,
          "type": "text",
        },
        "ref": null,
        "rendered": null,
        "type": "input",
      },
      Object {
        "instance": null,
        "key": undefined,
        "nodeType": "host",
        "props": Object {
          "children": Array [
            " ",
            "description",
            " ",
          ],
          "htmlFor": "test",
        },
        "ref": null,
        "rendered": Array [
          " ",
          "description",
          " ",
        ],
        "type": "label",
      },
    ],
    "type": "div",
  },
  Symbol(enzyme.__nodes__): Array [
    Object {
      "instance": null,
      "key": undefined,
      "nodeType": "host",
      "props": Object {
        "children": Array [
          <input
            className={undefined}
            id="test"
            name="test"
            onChange={[Function]}
            required={true}
            type="text"
          />,
          <label
            htmlFor="test"
          >
             
            description
             
          </label>,
        ],
        "className": "input-field",
      },
      "ref": null,
      "rendered": Array [
        Object {
          "instance": null,
          "key": undefined,
          "nodeType": "host",
          "props": Object {
            "className": undefined,
            "id": "test",
            "name": "test",
            "onChange": [Function],
            "required": true,
            "type": "text",
          },
          "ref": null,
          "rendered": null,
          "type": "input",
        },
        Object {
          "instance": null,
          "key": undefined,
          "nodeType": "host",
          "props": Object {
            "children": Array [
              " ",
              "description",
              " ",
            ],
            "htmlFor": "test",
          },
          "ref": null,
          "rendered": Array [
            " ",
            "description",
            " ",
          ],
          "type": "label",
        },
      ],
      "type": "div",
    },
  ],
  Symbol(enzyme.__options__): Object {
    "adapter": ReactSixteenAdapter {
      "options": Object {
        "enableComponentDidUpdateOnSetState": true,
      },
    },
  },
}
`;
